00:00 +0: loading D:/Github/clear-space/test/core/utils/file_utils_test.dart
00:00 +0: D:/Github/clear-space/test/core/utils/file_utils_test.dart: FileUtils formatSize formats bytes correctly
00:00 +1: D:/Github/clear-space/test/core/utils/file_utils_test.dart: FileUtils formatSize formats KB correctly
00:00 +2: D:/Github/clear-space/test/core/utils/file_utils_test.dart: FileUtils formatSize formats MB correctly
00:00 +3: D:/Github/clear-space/test/core/utils/file_utils_test.dart: FileUtils formatSize formats GB correctly
00:00 +4: D:/Github/clear-space/test/core/utils/file_utils_test.dart: FileUtils formatSize handles large numbers
00:01 +5: D:/Github/clear-space/test/features/cleanup/duplicate_controller_test.dart: DuplicateController Logic toggleSelection toggles the specific item
00:01 +6: D:/Github/clear-space/test/features/cleanup/duplicate_controller_test.dart: DuplicateController Logic smartSelect selects all EXCEPT the newest (largest timestamp)
00:01 +7: D:/Github/clear-space/test/features/cleanup/duplicate_controller_test.dart: DuplicateController Logic smartSelect handles multiple old files correctly
00:04 +8: D:/Github/clear-space/test/integration/similar_photos_flow_test.dart: Full Integration: Dashboard -> Cleanup -> Similar Photos -> Smart Select -> Delete
FLUTTER DASHBOARD RECEIVED: junkCount=0 (size=0), emptyFolderCount=0, apkCount=0 (size=0)
[NativeStorageScanner] getScreenshots called: limit=500, offset=0, olderThanDays=0
[NativeStorageScanner] getDownloads called: limit=500, offset=0, olderThanDays=0
FLUTTER DASHBOARD RECEIVED: junkCount=0 (size=0), emptyFolderCount=0, apkCount=0 (size=0)
00:12 +9: D:/Github/clear-space/test/widget_test.dart: Counter increments smoke test
00:13 +10: All tests passed!
